Error at file offsets 0xd0 to 0xd4: Unrecognized record type 8.
