Duplicate dataset attributes with names: Attr1.

Duplicate attributes for variable FIRSTVAR: fred.

╭──────────────────────┬────────────────────────╮
│       Created        │    01-JAN-2011 20:53:52│
├──────────────────────┼────────────────────────┤
│Writer Product        │PSPP synthetic test file│
├──────────────────────┼────────────────────────┤
│       Compression    │SAV                     │
│       Number of Cases│Unknown                 │
╰──────────────────────┴────────────────────────╯

╭─────────┬─╮
│Variables│1│
╰─────────┴─╯

╭────────┬────────┬─────┬─────────────────┬─────┬─────┬─────────┬────────────┬────────────┬──────────────╮
│        │Position│Label│Measurement Level│ Role│Width│Alignment│Print Format│Write Format│Missing Values│
├────────┼────────┼─────┼─────────────────┼─────┼─────┼─────────┼────────────┼────────────┼──────────────┤
│firstvar│       1│     │                 │Input│    8│Right    │F8.0        │F8.0        │              │
╰────────┴────────┴─────┴─────────────────┴─────┴─────┴─────────┴────────────┴────────────┴──────────────╯

╭───────────────────────┬─────╮
│Variable and Name      │Value│
├───────────────────────┼─────┤
│(dataset)         Attr1│value│
├───────────────────────┼─────┤
│firstvar          fred │23   │
╰───────────────────────┴─────╯
