STR1 has duplicate value labels for the following value(s): "xyzzy"

NUM1 has duplicate value labels for the following value(s): 1

╭──────────────────────┬────────────────────────╮
│       Created        │    01-JAN-2011 20:53:52│
├──────────────────────┼────────────────────────┤
│Writer Product        │PSPP synthetic test file│
├──────────────────────┼────────────────────────┤
│       Compression    │SAV                     │
│       Number of Cases│Unknown                 │
╰──────────────────────┴────────────────────────╯

╭─────────┬─╮
│Variables│2│
╰─────────┴─╯

                                               Variables
╭────┬────────┬─────┬─────────────────┬─────┬─────┬─────────┬────────────┬────────────┬──────────────╮
│    │Position│Label│Measurement Level│ Role│Width│Alignment│Print Format│Write Format│Missing Values│
├────┼────────┼─────┼─────────────────┼─────┼─────┼─────────┼────────────┼────────────┼──────────────┤
│str1│       1│     │Nominal          │Input│    6│Left     │A6          │A6          │              │
│num1│       2│     │                 │Input│    8│Right    │F8.0        │F8.0        │              │
╰────┴────────┴─────┴─────────────────┴─────┴─────┴─────────┴────────────┴────────────┴──────────────╯

        Value Labels
╭─────────────────────┬───╮
│Variable Value       │   │
├─────────────────────┼───┤
│str1           xyzzy │one│
├─────────────────────┼───┤
│num1           1     │one│
╰─────────────────────┴───╯
