At offset 0xd8, record type 7 subtype 3 is too large with element size 4294963200 and 4294963200 elements.
