Warning at file offsets 0x1d8 to 0x21f: In extension record: Unexpected end of data.

This system file does not indicate its own character encoding.  For best results, specify an encoding explicitly.  Use SYSFILE INFO with ENCODING="DETECT" to analyze the possible encodings.

"VAR000\0\0" may not be used as an identifier because it contains disallowed character '\0'.  Renaming variable to VAR001.

╭──────────────────────┬────────────────────────────────────╮
│       Created        │                30-JAN-2013 14:34:58│
├──────────────────────┼────────────────────────────────────┤
│Writer Product        │MS Windows Release 12.0 spssio32.dll│
│       Version        │12.0.0                              │
├──────────────────────┼────────────────────────────────────┤
│       Compression    │SAV                                 │
│       Number of Cases│                                  10│
╰──────────────────────┴────────────────────────────────────╯

╭─────────┬─╮
│Variables│4│
╰─────────┴─╯

                                                 Variables
╭────────┬────────┬─────┬─────────────────┬─────┬─────┬─────────┬────────────┬────────────┬──────────────╮
│        │Position│Label│Measurement Level│ Role│Width│Alignment│Print Format│Write Format│Missing Values│
├────────┼────────┼─────┼─────────────────┼─────┼─────┼─────────┼────────────┼────────────┼──────────────┤
│var00001│       1│     │Scale            │Input│    8│Right    │F8.2        │F8.2        │              │
│var00002│       2│     │Nominal          │Input│    8│Right    │F8.2        │F8.2        │              │
│var00003│       3│     │Scale            │Input│    8│Right    │F8.2        │F8.2        │              │
│var001  │       4│     │Nominal          │Input│    8│Left     │A1          │A1          │              │
╰────────┴────────┴─────┴─────────────────┴─────┴─────┴─────────┴────────────┴────────────┴──────────────╯

╭────┬────────┬────────┬────────┬──────╮
│Case│var00001│var00002│var00003│var001│
├────┼────────┼────────┼────────┼──────┤
│1   │    1.00│    1.00│    2.00│a     │
│2   │    2.00│    2.00│    3.00│s     │
│3   │    3.00│    1.00│    4.00│d     │
│4   │    4.00│    2.00│    3.00│f     │
│5   │    5.00│    1.00│    4.00│g     │
│6   │    6.00│    2.00│    2.00│h     │
│7   │    7.00│    1.00│    4.00│j     │
│8   │    8.00│    2.00│    3.00│k     │
│9   │    9.00│    1.00│    2.00│l     │
│10  │   10.00│    2.00│    4.00│p     │
╰────┴────────┴────────┴────────┴──────╯
