At offset 0xb4, missing value code (-1) is not -3, -2, 0, 1, 2, or 3.
