In variable record starting at offset 0xb4, variable label code 2 at offset 0xb8 is not 0 or 1.
