Error at file offsets 0xb4 to 0xd0: Missing value code (4) is not -3, -2, 0, 1, 2, or 3.
