╭──────────────────────┬────────────────────────╮
│       Created        │    01-JAN-2011 20:53:52│
├──────────────────────┼────────────────────────┤
│Writer Product        │PSPP synthetic test file│
├──────────────────────┼────────────────────────┤
│       Compression    │SAV                     │
│       Number of Cases│Unknown                 │
╰──────────────────────┴────────────────────────╯

╭─────────┬────────────────────────╮
│Label    │PSPP synthetic test file│
│Variables│                       5│
╰─────────┴────────────────────────╯

╭─────┬────────┬─────┬─────────────────┬─────┬─────┬─────────┬────────────┬────────────┬──────────────╮
│     │Position│Label│Measurement Level│ Role│Width│Alignment│Print Format│Write Format│Missing Values│
├─────┼────────┼─────┼─────────────────┼─────┼─────┼─────────┼────────────┼────────────┼──────────────┤
│num1 │       1│     │                 │Input│    8│Right    │F8.0        │F8.0        │              │
│num2 │       2│     │                 │Input│    8│Right    │F8.0        │F8.0        │              │
│str4 │       3│     │Nominal          │Input│    4│Left     │A4          │A4          │              │
│str8 │       4│     │Nominal          │Input│    8│Left     │A8          │A8          │              │
│str15│       5│     │Nominal          │Input│   15│Left     │A15         │A15         │              │
╰─────┴────────┴─────┴─────────────────┴─────┴─────┴─────────┴────────────┴────────────┴──────────────╯

Unexpected end of file at offset 0x1ac, 0 bytes and 2 compression chunks into a compressed case.

╭────┬──────┬────┬────────┬────────────────┬──────────────────────────────╮
│Case│ num1 │num2│  str4  │      str8      │             str15            │
├────┼──────┼────┼────────┼────────────────┼──────────────────────────────┤
│1   │-99.00│ .00│        │abcdefgh        │        0123                  │
╰────┴──────┴────┴────────┴────────────────┴──────────────────────────────╯
