╭──────────────────────┬────────────────────────╮
│       Created        │    05-JAN-2011 20:53:52│
├──────────────────────┼────────────────────────┤
│Writer Product        │PSPP synthetic test file│
├──────────────────────┼────────────────────────┤
│       Compression    │None                    │
│       Number of Cases│                       1│
╰──────────────────────┴────────────────────────╯

╭─────────┬────────────────────────╮
│Label    │PSPP synthetic test file│
│Variables│                       2│
╰─────────┴────────────────────────╯

                                                                    Variables
╭──────────────────────────┬────────┬──────────────────────────┬─────────────────┬─────┬─────┬─────────┬────────────┬────────────┬──────────────╮
│                          │Position│           Label          │Measurement Level│ Role│Width│Alignment│Print Format│Write Format│Missing Values│
├──────────────────────────┼────────┼──────────────────────────┼─────────────────┼─────┼─────┼─────────┼────────────┼────────────┼──────────────┤
│num1                      │       1│                          │                 │Input│    8│Right    │F8.0        │F8.0        │              │
│Numeric variable 2's label│       2│Numeric variable 2's label│                 │Input│    8│Right    │F8.0        │F8.0        │              │
╰──────────────────────────┴────────┴──────────────────────────┴─────────────────┴─────┴─────┴─────────┴────────────┴────────────┴──────────────╯

╭────┬────┬──────────────────────────╮
│Case│num1│Numeric variable 2's label│
├────┼────┼──────────────────────────┤
│1   │1.00│                      2.00│
╰────┴────┴──────────────────────────╯
