Warning at file offsets 0x110 to 0x118: In value label record: One or more variable indexes were not in the valid range [1,2] or referred to string continuations: [3, 4]

Warning at file offsets 0x138 to 0x140: In value label record: One or more variable indexes were not in the valid range [1,2] or referred to string continuations: [5, 6]

Warning at file offsets 0x160 to 0x168: In value label record: One or more variable indexes were not in the valid range [1,2] or referred to string continuations: [7, 8]

╭──────────────────────┬────────────────────────╮
│       Created        │    01-JAN-2011 20:53:52│
├──────────────────────┼────────────────────────┤
│Writer Product        │PSPP synthetic test file│
├──────────────────────┼────────────────────────┤
│       Compression    │SAV                     │
│       Number of Cases│Unknown                 │
╰──────────────────────┴────────────────────────╯

╭─────────┬─╮
│Variables│2│
╰─────────┴─╯

╭────┬────────┬─────┬─────────────────┬─────┬─────┬─────────┬────────────┬────────────┬──────────────╮
│    │Position│Label│Measurement Level│ Role│Width│Alignment│Print Format│Write Format│Missing Values│
├────┼────────┼─────┼─────────────────┼─────┼─────┼─────────┼────────────┼────────────┼──────────────┤
│str1│       1│     │Nominal          │Input│    6│Left     │A6          │A6          │              │
│num1│       2│     │                 │Input│    8│Right    │F8.0        │F8.0        │              │
╰────┴────────┴─────┴─────────────────┴─────┴─────┴─────────┴────────────┴────────────┴──────────────╯
