At offset 0x110, the first variable index is for a string variable but the following variable indexes are for numeric variables: [2]

╭──────────────────────┬────────────────────────╮
│       Created        │    01-JAN-2011 20:53:52│
├──────────────────────┼────────────────────────┤
│Writer Product        │PSPP synthetic test file│
├──────────────────────┼────────────────────────┤
│       Compression    │SAV                     │
│       Number of Cases│Unknown                 │
╰──────────────────────┴────────────────────────╯

╭─────────┬─╮
│Variables│2│
╰─────────┴─╯

╭────┬────────┬─────┬─────────────────┬─────┬─────┬─────────┬────────────┬────────────┬──────────────╮
│    │Position│Label│Measurement Level│ Role│Width│Alignment│Print Format│Write Format│Missing Values│
├────┼────────┼─────┼─────────────────┼─────┼─────┼─────────┼────────────┼────────────┼──────────────┤
│str1│       1│     │Nominal          │Input│    6│Left     │A6          │A6          │              │
│num1│       2│     │                 │Input│    8│Right    │F8.0        │F8.0        │              │
╰────┴────────┴─────┴─────────────────┴─────┴─────┴─────────┴────────────┴────────────┴──────────────╯

╭─────────────────────┬───╮
│Variable Value       │   │
├─────────────────────┼───┤
│str1           xyzzy │one│
╰─────────────────────┴───╯
