File designates string variable STR1 (index 2) as weight variable, but weight variables must be numeric.

╭──────────────────────┬────────────────────────╮
│       Created        │    01-JAN-2011 20:53:52│
├──────────────────────┼────────────────────────┤
│Writer Product        │PSPP synthetic test file│
├──────────────────────┼────────────────────────┤
│       Compression    │SAV                     │
│       Number of Cases│Unknown                 │
╰──────────────────────┴────────────────────────╯

╭─────────┬─╮
│Variables│2│
╰─────────┴─╯

                                               Variables
╭────┬────────┬─────┬─────────────────┬─────┬─────┬─────────┬────────────┬────────────┬──────────────╮
│    │Position│Label│Measurement Level│ Role│Width│Alignment│Print Format│Write Format│Missing Values│
├────┼────────┼─────┼─────────────────┼─────┼─────┼─────────┼────────────┼────────────┼──────────────┤
│num1│       1│     │                 │Input│    8│Right    │F8.0        │F8.0        │              │
│str1│       2│     │Nominal          │Input│    4│Left     │A4          │A4          │              │
╰────┴────────┴─────┴─────────────────┴─────┴─────┴─────────┴────────────┴────────────┴──────────────╯
