Error at file offsets 0x194 to 0x1a0: Error reading ZLIB header: Invalid ZLIB trailer length 21.
