Error at file offsets 0x1c4 to 0x1dc: Error reading ZLIB trailer: Block descriptor 0 reports compressed size 100 and uncompressed size 50.
