Error at file offsets 0x194 to 0x1a0: Error reading ZLIB header: Impossible ztrailer_offset 0x0.
