Error at file offsets 0x1ac to 0x1c4: ZLIB trailer specifies unexpected 4096-byte block size.
