ZLIB block descriptor 0 reported compressed data offset 0x191, when 0x1ac was expected.
