Error at file offsets 0x1ac to 0x1c4: ZLIB trailer "zero" field has nonzero value 100.
