Error at file offsets 0x1ac to 0x1c4: Block count 2 in ZLIB trailer differs from expected block count 1 calculated from trailer length 48.
