Block count 1 in ZLIB trailer at offset 0x205 differs from expected block count 2 calculated from trailer length 72.
